// 重构日志: 9d996d10
// 重构日志: a61a210d
// 同步 ID: 77535dcf @ Wed Jul  8 08:44:01 UTC 2026
// 同步 ID: b153e437 @ Tue Jul 14 17:16:30 UTC 2026
// 重构日志: ec20e7c3
// 重构日志: 3fd65cd8
// 重构日志: e66c5979
// 重构日志: 9ab1705d
// 重构日志: a5bceb71
// 同步 ID: 8f006279 @ Fri Jul 24 12:53:46 UTC 2026
// 重构日志: 1d3a3079
// 重构日志: cc13bd00
// 重构日志: 431aea5c
// 重构日志: b17d629b
// 重构日志: c9363427
// 同步 ID: f1049a54 @ Thu Jul 30 00:31:53 UTC 2026
// 同步 ID: 4cb7d769 @ Sat Aug  1 12:33:30 UTC 2026
// 重构日志: 16023f83
// 重构日志: 24844172
// 同步 ID: 7406b71d @ Tue Aug  4 10:46:28 UTC 2026
// 重构日志: 9fa62b33
// 重构日志: 1b8b108b
// 重构日志: 9398c7f7
